16:58:21 **** Incremental Build of configuration Debug for project 01_led2 ****
make -j16 all 
arm-none-eabi-gcc "../Core/Src/main.c" -mcpu=cortex-m4 -std=gnu11 -g3 -DDEBUG -DUSE_HAL_DRIVER -DSTM32F411xE -c -I../Core/Inc -I../Drivers/STM32F4xx_HAL_Driver/Inc -I../Drivers/STM32F4xx_HAL_Driver/Inc/Legacy -I../Drivers/CMSIS/Device/ST/STM32F4xx/Include -I../Drivers/CMSIS/Include -O0 -ffunction-sections -fdata-sections -Wall -fstack-usage -fcyclomatic-complexity -MMD -MP -MF"Core/Src/main.d" -MT"Core/Src/main.o" --specs=nano.specs -mfpu=fpv4-sp-d16 -mfloat-abi=hard -mthumb -o "Core/Src/main.o"
arm-none-eabi-gcc -o "01_led2.elf" @"objects.list"   -mcpu=cortex-m4 -T"/home/user21/workspace_dhw/arm/01_led2/STM32F411RETX_FLASH.ld" --specs=nosys.specs -Wl,-Map="01_led2.map" -Wl,--gc-sections -static --specs=nano.specs -mfpu=fpv4-sp-d16 -mfloat-abi=hard -mthumb -Wl,--start-group -lc -lm -Wl,--end-group
Finished building target: 01_led2.elf
 
arm-none-eabi-size  01_led2.elf 
arm-none-eabi-objdump -h -S 01_led2.elf  > "01_led2.list"
   text	   data	    bss	    dec	    hex	filename
   6252	     76	   1572	   7900	   1edc	01_led2.elf
Finished building: default.size.stdout
 
Finished building: 01_led2.list
 

16:58:21 Build Finished. 0 errors, 0 warnings. (took 248ms)

