12:20:19 **** Incremental Build of configuration Debug for project 05_PWM ****
make -j16 all 
arm-none-eabi-gcc "../Core/Src/main.c" -mcpu=cortex-m4 -std=gnu11 -g3 -DDEBUG -DUSE_HAL_DRIVER -DSTM32F411xE -c -I../Core/Inc -I../Drivers/STM32F4xx_HAL_Driver/Inc -I../Drivers/STM32F4xx_HAL_Driver/Inc/Legacy -I../Drivers/CMSIS/Device/ST/STM32F4xx/Include -I../Drivers/CMSIS/Include -O0 -ffunction-sections -fdata-sections -Wall -fstack-usage -fcyclomatic-complexity -MMD -MP -MF"Core/Src/main.d" -MT"Core/Src/main.o" --specs=nano.specs -mfpu=fpv4-sp-d16 -mfloat-abi=hard -mthumb -o "Core/Src/main.o"
arm-none-eabi-gcc -o "05_PWM.elf" @"objects.list"   -mcpu=cortex-m4 -T"/home/user21/workspace_dhw/arm/05_PWM/STM32F411RETX_FLASH.ld" --specs=nosys.specs -Wl,-Map="05_PWM.map" -Wl,--gc-sections -static --specs=nano.specs -mfpu=fpv4-sp-d16 -mfloat-abi=hard -mthumb -Wl,--start-group -lc -lm -Wl,--end-group
Finished building target: 05_PWM.elf
 
arm-none-eabi-size  05_PWM.elf 
arm-none-eabi-objdump -h -S 05_PWM.elf  > "05_PWM.list"
   text	   data	    bss	    dec	    hex	filename
  13872	     12	   1716	  15600	   3cf0	05_PWM.elf
Finished building: default.size.stdout
 
Finished building: 05_PWM.list
 

12:20:19 Build Finished. 0 errors, 0 warnings. (took 245ms)

