10:14:18 **** Incremental Build of configuration Debug for project pin_test ****
make -j16 all 
arm-none-eabi-gcc "../Core/Src/main.c" -mcpu=cortex-m4 -std=gnu11 -g3 -DDEBUG -DUSE_HAL_DRIVER -DSTM32F411xE -c -I../Core/Inc -I../Drivers/STM32F4xx_HAL_Driver/Inc -I../Drivers/STM32F4xx_HAL_Driver/Inc/Legacy -I../Drivers/CMSIS/Device/ST/STM32F4xx/Include -I../Drivers/CMSIS/Include -O0 -ffunction-sections -fdata-sections -Wall -fstack-usage -fcyclomatic-complexity -MMD -MP -MF"Core/Src/main.d" -MT"Core/Src/main.o" --specs=nano.specs -mfpu=fpv4-sp-d16 -mfloat-abi=hard -mthumb -o "Core/Src/main.o"
arm-none-eabi-gcc -o "pin_test.elf" @"objects.list"   -mcpu=cortex-m4 -T"/home/user21/workspace_dhw/arm/pin_test/STM32F411RETX_FLASH.ld" --specs=nosys.specs -Wl,-Map="pin_test.map" -Wl,--gc-sections -static --specs=nano.specs -mfpu=fpv4-sp-d16 -mfloat-abi=hard -mthumb -Wl,--start-group -lc -lm -Wl,--end-group
Finished building target: pin_test.elf
 
arm-none-eabi-size  pin_test.elf 
arm-none-eabi-objdump -h -S pin_test.elf  > "pin_test.list"
   text	   data	    bss	    dec	    hex	filename
   6172	     12	   1572	   7756	   1e4c	pin_test.elf
Finished building: default.size.stdout
 
Finished building: pin_test.list
 

10:14:18 Build Finished. 0 errors, 0 warnings. (took 169ms)

