17:00:32 **** Incremental Build of configuration Debug for project 98_RC_rev4 ****
make -j16 all 
arm-none-eabi-gcc "../Core/Src/motor.c" -mcpu=cortex-m4 -std=gnu11 -g3 -DDEBUG -DUSE_HAL_DRIVER -DSTM32F411xE -c -I../Core/Inc -I../Drivers/STM32F4xx_HAL_Driver/Inc -I../Drivers/STM32F4xx_HAL_Driver/Inc/Legacy -I../Drivers/CMSIS/Device/ST/STM32F4xx/Include -I../Drivers/CMSIS/Include -O0 -ffunction-sections -fdata-sections -Wall -fstack-usage -fcyclomatic-complexity -MMD -MP -MF"Core/Src/motor.d" -MT"Core/Src/motor.o" --specs=nano.specs -mfpu=fpv4-sp-d16 -mfloat-abi=hard -mthumb -o "Core/Src/motor.o"
arm-none-eabi-gcc -o "98_RC_rev4.elf" @"objects.list"   -mcpu=cortex-m4 -T"/home/user21/workspace_dhw/arm/Class/98_RC_rev4/STM32F411RETX_FLASH.ld" --specs=nosys.specs -Wl,-Map="98_RC_rev4.map" -Wl,--gc-sections -static --specs=nano.specs -mfpu=fpv4-sp-d16 -mfloat-abi=hard -mthumb -Wl,--start-group -lc -lm -Wl,--end-group
Finished building target: 98_RC_rev4.elf
 
arm-none-eabi-size  98_RC_rev4.elf 
arm-none-eabi-objdump -h -S 98_RC_rev4.elf  > "98_RC_rev4.list"
   text	   data	    bss	    dec	    hex	filename
  15444	     12	   1788	  17244	   435c	98_RC_rev4.elf
Finished building: default.size.stdout
 
Finished building: 98_RC_rev4.list
 

17:00:33 Build Finished. 0 errors, 0 warnings. (took 251ms)

