20:09:33 **** Incremental Build of configuration Debug for project 98_RCcar_test ****
make -j16 all 
arm-none-eabi-size  98_RCcar_test.elf 
   text	   data	    bss	    dec	    hex	filename
   6080	     12	   1572	   7664	   1df0	98_RCcar_test.elf
Finished building: default.size.stdout
 
20:09:35 **** Incremental Build of configuration Debug for project 98_RCcar_test ****
make -j16 all 
arm-none-eabi-size  98_RCcar_test.elf 
   text	   data	    bss	    dec	    hex	filename
   6080	     12	   1572	   7664	   1df0	98_RCcar_test.elf
Finished building: default.size.stdout
 
20:11:46 **** Incremental Build of configuration Debug for project 98_RCcar_test ****
make -j16 all 
arm-none-eabi-gcc "../Core/Src/main.c" -mcpu=cortex-m4 -std=gnu11 -g3 -DDEBUG -DUSE_HAL_DRIVER -DSTM32F411xE -c -I../Core/Inc -I../Drivers/STM32F4xx_HAL_Driver/Inc -I../Drivers/STM32F4xx_HAL_Driver/Inc/Legacy -I../Drivers/CMSIS/Device/ST/STM32F4xx/Include -I../Drivers/CMSIS/Include -O0 -ffunction-sections -fdata-sections -Wall -fstack-usage -fcyclomatic-complexity -MMD -MP -MF"Core/Src/main.d" -MT"Core/Src/main.o" --specs=nano.specs -mfpu=fpv4-sp-d16 -mfloat-abi=hard -mthumb -o "Core/Src/main.o"
arm-none-eabi-gcc -o "98_RCcar_test.elf" @"objects.list"   -mcpu=cortex-m4 -T"/home/user21/workspace_dhw/arm/Class/98_RCcar_test/STM32F411RETX_FLASH.ld" --specs=nosys.specs -Wl,-Map="98_RCcar_test.map" -Wl,--gc-sections -static --specs=nano.specs -mfpu=fpv4-sp-d16 -mfloat-abi=hard -mthumb -Wl,--start-group -lc -lm -Wl,--end-group
Finished building target: 98_RCcar_test.elf
 
arm-none-eabi-size  98_RCcar_test.elf 
arm-none-eabi-objdump -h -S 98_RCcar_test.elf  > "98_RCcar_test.list"
   text	   data	    bss	    dec	    hex	filename
   6028	     12	   1572	   7612	   1dbc	98_RCcar_test.elf
Finished building: default.size.stdout
 
Finished building: 98_RCcar_test.list
 
20:11:48 **** Incremental Build of configuration Debug for project 98_RCcar_test ****
make -j16 all 
arm-none-eabi-size  98_RCcar_test.elf 
   text	   data	    bss	    dec	    hex	filename
   6028	     12	   1572	   7612	   1dbc	98_RCcar_test.elf
Finished building: default.size.stdout
 
20:14:04 **** Incremental Build of configuration Debug for project 98_RCcar_test ****
make -j16 all 
arm-none-eabi-gcc "../Core/Src/main.c" -mcpu=cortex-m4 -std=gnu11 -g3 -DDEBUG -DUSE_HAL_DRIVER -DSTM32F411xE -c -I../Core/Inc -I../Drivers/STM32F4xx_HAL_Driver/Inc -I../Drivers/STM32F4xx_HAL_Driver/Inc/Legacy -I../Drivers/CMSIS/Device/ST/STM32F4xx/Include -I../Drivers/CMSIS/Include -O0 -ffunction-sections -fdata-sections -Wall -fstack-usage -fcyclomatic-complexity -MMD -MP -MF"Core/Src/main.d" -MT"Core/Src/main.o" --specs=nano.specs -mfpu=fpv4-sp-d16 -mfloat-abi=hard -mthumb -o "Core/Src/main.o"
arm-none-eabi-gcc -o "98_RCcar_test.elf" @"objects.list"   -mcpu=cortex-m4 -T"/home/user21/workspace_dhw/arm/Class/98_RCcar_test/STM32F411RETX_FLASH.ld" --specs=nosys.specs -Wl,-Map="98_RCcar_test.map" -Wl,--gc-sections -static --specs=nano.specs -mfpu=fpv4-sp-d16 -mfloat-abi=hard -mthumb -Wl,--start-group -lc -lm -Wl,--end-group
Finished building target: 98_RCcar_test.elf
 
arm-none-eabi-size  98_RCcar_test.elf 
arm-none-eabi-objdump -h -S 98_RCcar_test.elf  > "98_RCcar_test.list"
   text	   data	    bss	    dec	    hex	filename
   6028	     12	   1572	   7612	   1dbc	98_RCcar_test.elf
Finished building: default.size.stdout
 
Finished building: 98_RCcar_test.list
 
20:14:06 **** Incremental Build of configuration Debug for project 98_RCcar_test ****
make -j16 all 
arm-none-eabi-size  98_RCcar_test.elf 
   text	   data	    bss	    dec	    hex	filename
   6028	     12	   1572	   7612	   1dbc	98_RCcar_test.elf
Finished building: default.size.stdout
 
20:15:30 **** Incremental Build of configuration Debug for project 98_RCcar_test ****
make -j16 all 
arm-none-eabi-size  98_RCcar_test.elf 
   text	   data	    bss	    dec	    hex	filename
   6028	     12	   1572	   7612	   1dbc	98_RCcar_test.elf
Finished building: default.size.stdout
 
20:19:00 **** Incremental Build of configuration Debug for project 98_RCcar_test ****
make -j16 all 
arm-none-eabi-size  98_RCcar_test.elf 
   text	   data	    bss	    dec	    hex	filename
   6028	     12	   1572	   7612	   1dbc	98_RCcar_test.elf
Finished building: default.size.stdout
 
20:23:40 **** Incremental Build of configuration Debug for project 98_RCcar_test ****
make -j16 all 
arm-none-eabi-gcc "../Core/Src/ap.c" -mcpu=cortex-m4 -std=gnu11 -g3 -DDEBUG -DUSE_HAL_DRIVER -DSTM32F411xE -c -I../Core/Inc -I../Drivers/STM32F4xx_HAL_Driver/Inc -I../Drivers/STM32F4xx_HAL_Driver/Inc/Legacy -I../Drivers/CMSIS/Device/ST/STM32F4xx/Include -I../Drivers/CMSIS/Include -O0 -ffunction-sections -fdata-sections -Wall -fstack-usage -fcyclomatic-complexity -MMD -MP -MF"Core/Src/ap.d" -MT"Core/Src/ap.o" --specs=nano.specs -mfpu=fpv4-sp-d16 -mfloat-abi=hard -mthumb -o "Core/Src/ap.o"
arm-none-eabi-gcc "../Core/Src/main.c" -mcpu=cortex-m4 -std=gnu11 -g3 -DDEBUG -DUSE_HAL_DRIVER -DSTM32F411xE -c -I../Core/Inc -I../Drivers/STM32F4xx_HAL_Driver/Inc -I../Drivers/STM32F4xx_HAL_Driver/Inc/Legacy -I../Drivers/CMSIS/Device/ST/STM32F4xx/Include -I../Drivers/CMSIS/Include -O0 -ffunction-sections -fdata-sections -Wall -fstack-usage -fcyclomatic-complexity -MMD -MP -MF"Core/Src/main.d" -MT"Core/Src/main.o" --specs=nano.specs -mfpu=fpv4-sp-d16 -mfloat-abi=hard -mthumb -o "Core/Src/main.o"
arm-none-eabi-gcc "../Core/Src/motor.c" -mcpu=cortex-m4 -std=gnu11 -g3 -DDEBUG -DUSE_HAL_DRIVER -DSTM32F411xE -c -I../Core/Inc -I../Drivers/STM32F4xx_HAL_Driver/Inc -I../Drivers/STM32F4xx_HAL_Driver/Inc/Legacy -I../Drivers/CMSIS/Device/ST/STM32F4xx/Include -I../Drivers/CMSIS/Include -O0 -ffunction-sections -fdata-sections -Wall -fstack-usage -fcyclomatic-complexity -MMD -MP -MF"Core/Src/motor.d" -MT"Core/Src/motor.o" --specs=nano.specs -mfpu=fpv4-sp-d16 -mfloat-abi=hard -mthumb -o "Core/Src/motor.o"
arm-none-eabi-gcc -o "98_RCcar_test.elf" @"objects.list"   -mcpu=cortex-m4 -T"/home/user21/workspace_dhw/arm/Class/98_RCcar_test/STM32F411RETX_FLASH.ld" --specs=nosys.specs -Wl,-Map="98_RCcar_test.map" -Wl,--gc-sections -static --specs=nano.specs -mfpu=fpv4-sp-d16 -mfloat-abi=hard -mthumb -Wl,--start-group -lc -lm -Wl,--end-group
Finished building target: 98_RCcar_test.elf
 
arm-none-eabi-size  98_RCcar_test.elf 
arm-none-eabi-objdump -h -S 98_RCcar_test.elf  > "98_RCcar_test.list"
   text	   data	    bss	    dec	    hex	filename
   6056	     12	   1572	   7640	   1dd8	98_RCcar_test.elf
Finished building: default.size.stdout
 
Finished building: 98_RCcar_test.list
 
20:23:42 **** Incremental Build of configuration Debug for project 98_RCcar_test ****
make -j16 all 
arm-none-eabi-size  98_RCcar_test.elf 
   text	   data	    bss	    dec	    hex	filename
   6056	     12	   1572	   7640	   1dd8	98_RCcar_test.elf
Finished building: default.size.stdout
 
20:23:45 **** Incremental Build of configuration Debug for project 98_RCcar_test ****
make -j16 all 
arm-none-eabi-size  98_RCcar_test.elf 
   text	   data	    bss	    dec	    hex	filename
   6056	     12	   1572	   7640	   1dd8	98_RCcar_test.elf
Finished building: default.size.stdout
 
20:24:30 **** Incremental Build of configuration Debug for project 98_RCcar_test ****
make -j16 all 
arm-none-eabi-size  98_RCcar_test.elf 
   text	   data	    bss	    dec	    hex	filename
   6056	     12	   1572	   7640	   1dd8	98_RCcar_test.elf
Finished building: default.size.stdout
 
20:25:35 **** Incremental Build of configuration Debug for project 98_RCcar_test ****
make -j16 all 
arm-none-eabi-size  98_RCcar_test.elf 
   text	   data	    bss	    dec	    hex	filename
   6056	     12	   1572	   7640	   1dd8	98_RCcar_test.elf
Finished building: default.size.stdout
 
20:25:42 **** Incremental Build of configuration Debug for project 98_RCcar_test ****
make -j16 all 
arm-none-eabi-size  98_RCcar_test.elf 
   text	   data	    bss	    dec	    hex	filename
   6056	     12	   1572	   7640	   1dd8	98_RCcar_test.elf
Finished building: default.size.stdout
 
20:27:19 **** Incremental Build of configuration Debug for project 98_RCcar_test ****
make -j16 all 
arm-none-eabi-gcc "../Core/Src/main.c" -mcpu=cortex-m4 -std=gnu11 -g3 -DDEBUG -DUSE_HAL_DRIVER -DSTM32F411xE -c -I../Core/Inc -I../Drivers/STM32F4xx_HAL_Driver/Inc -I../Drivers/STM32F4xx_HAL_Driver/Inc/Legacy -I../Drivers/CMSIS/Device/ST/STM32F4xx/Include -I../Drivers/CMSIS/Include -O0 -ffunction-sections -fdata-sections -Wall -fstack-usage -fcyclomatic-complexity -MMD -MP -MF"Core/Src/main.d" -MT"Core/Src/main.o" --specs=nano.specs -mfpu=fpv4-sp-d16 -mfloat-abi=hard -mthumb -o "Core/Src/main.o"
arm-none-eabi-gcc -o "98_RCcar_test.elf" @"objects.list"   -mcpu=cortex-m4 -T"/home/user21/workspace_dhw/arm/Class/98_RCcar_test/STM32F411RETX_FLASH.ld" --specs=nosys.specs -Wl,-Map="98_RCcar_test.map" -Wl,--gc-sections -static --specs=nano.specs -mfpu=fpv4-sp-d16 -mfloat-abi=hard -mthumb -Wl,--start-group -lc -lm -Wl,--end-group
Finished building target: 98_RCcar_test.elf
 
arm-none-eabi-size  98_RCcar_test.elf 
arm-none-eabi-objdump -h -S 98_RCcar_test.elf  > "98_RCcar_test.list"
   text	   data	    bss	    dec	    hex	filename
   6120	     12	   1572	   7704	   1e18	98_RCcar_test.elf
Finished building: default.size.stdout
 
Finished building: 98_RCcar_test.list
 
20:27:29 **** Incremental Build of configuration Debug for project 98_RCcar_test ****
make -j16 all 
arm-none-eabi-size  98_RCcar_test.elf 
   text	   data	    bss	    dec	    hex	filename
   6120	     12	   1572	   7704	   1e18	98_RCcar_test.elf
Finished building: default.size.stdout
 
20:27:31 **** Incremental Build of configuration Debug for project 98_RCcar_test ****
make -j16 all 
arm-none-eabi-size  98_RCcar_test.elf 
   text	   data	    bss	    dec	    hex	filename
   6120	     12	   1572	   7704	   1e18	98_RCcar_test.elf
Finished building: default.size.stdout
 
